../../Middlewares/ST/touchgfx/framework/include/touchgfx/hal/Types.hpp:78:5:touchgfx::colortype::colortype()	16	static
../../Middlewares/ST/touchgfx/framework/include/touchgfx/hal/Types.hpp:91:5:touchgfx::colortype::colortype(uint32_t)	16	static
../../Middlewares/ST/touchgfx/framework/include/touchgfx/hal/Types.hpp:127:5:touchgfx::Rect::Rect()	16	static
../../Middlewares/ST/touchgfx/framework/include/touchgfx/hal/Types.hpp:140:5:touchgfx::Rect::Rect(int16_t, int16_t, int16_t, int16_t)	24	static
../../Middlewares/ST/touchgfx/framework/include/touchgfx/Drawable.hpp:62:13:touchgfx::Drawable::~Drawable()	16	static
../../Middlewares/ST/touchgfx/framework/include/touchgfx/Drawable.hpp:62:13:virtual touchgfx::Drawable::~Drawable()	16	static
../../Middlewares/ST/touchgfx/framework/include/touchgfx/Drawable.hpp:121:18:virtual void touchgfx::Drawable::invalidateContent() const	16	static
../../Middlewares/ST/touchgfx/framework/include/touchgfx/Drawable.hpp:147:23:virtual touchgfx::Drawable* touchgfx::Drawable::getFirstChild()	16	static
../../Middlewares/ST/touchgfx/framework/include/touchgfx/Drawable.hpp:293:13:int16_t touchgfx::Drawable::getWidth() const	16	static
../../Middlewares/ST/touchgfx/framework/include/touchgfx/Drawable.hpp:303:13:int16_t touchgfx::Drawable::getHeight() const	16	static
../../Middlewares/ST/touchgfx/framework/include/touchgfx/Drawable.hpp:315:18:virtual void touchgfx::Drawable::setX(int16_t)	16	static
../../Middlewares/ST/touchgfx/framework/include/touchgfx/Drawable.hpp:327:18:virtual void touchgfx::Drawable::setY(int16_t)	16	static
../../Middlewares/ST/touchgfx/framework/include/touchgfx/Drawable.hpp:356:18:virtual void touchgfx::Drawable::setWidth(int16_t)	16	static
../../Middlewares/ST/touchgfx/framework/include/touchgfx/Drawable.hpp:368:18:virtual void touchgfx::Drawable::setHeight(int16_t)	16	static
../../Middlewares/ST/touchgfx/framework/include/touchgfx/Drawable.hpp:378:18:virtual void touchgfx::Drawable::childGeometryChanged()	16	static
../../Middlewares/ST/touchgfx/framework/include/touchgfx/Drawable.hpp:389:18:virtual void touchgfx::Drawable::handleClickEvent(const touchgfx::ClickEvent&)	16	static
../../Middlewares/ST/touchgfx/framework/include/touchgfx/Drawable.hpp:401:18:virtual void touchgfx::Drawable::handleGestureEvent(const touchgfx::GestureEvent&)	16	static
../../Middlewares/ST/touchgfx/framework/include/touchgfx/Drawable.hpp:490:18:virtual void touchgfx::Drawable::handleDragEvent(const touchgfx::DragEvent&)	16	static
../../Middlewares/ST/touchgfx/framework/include/touchgfx/Drawable.hpp:501:18:virtual void touchgfx::Drawable::handleTickEvent()	16	static
../../Middlewares/ST/touchgfx/framework/include/touchgfx/Drawable.hpp:537:10:bool touchgfx::Drawable::isVisible() const	16	static
../../Middlewares/ST/touchgfx/framework/include/touchgfx/Drawable.hpp:549:10:bool touchgfx::Drawable::isTouchable() const	16	static
../../Middlewares/ST/touchgfx/framework/include/touchgfx/Drawable.hpp:588:18:virtual void touchgfx::Drawable::moveTo(int16_t, int16_t)	16	static
../../Middlewares/ST/touchgfx/framework/include/touchgfx/Drawable.hpp:625:10:void touchgfx::Drawable::resetDrawChainCache()	16	static
../../Middlewares/ST/touchgfx/framework/include/touchgfx/Drawable.hpp:703:18:virtual void touchgfx::Drawable::setupDrawChain(const touchgfx::Rect&, touchgfx::Drawable**)	24	static
../../Middlewares/ST/touchgfx/framework/include/touchgfx/widgets/Widget.hpp:45:18:virtual void touchgfx::Widget::getLastChild(int16_t, int16_t, touchgfx::Drawable**)	24	static
../../Middlewares/ST/touchgfx/framework/include/touchgfx/hal/VectorRenderer.hpp:42:13:touchgfx::VectorRenderer::~VectorRenderer()	16	static
../../Middlewares/ST/touchgfx/framework/include/touchgfx/hal/VectorRenderer.hpp:42:13:virtual touchgfx::VectorRenderer::~VectorRenderer()	16	static
../../Middlewares/ST/touchgfx/framework/include/touchgfx/hal/HAL.hpp:108:13:touchgfx::HAL::~HAL()	16	static
../../Middlewares/ST/touchgfx/framework/include/touchgfx/hal/HAL.hpp:108:13:virtual touchgfx::HAL::~HAL()	16	static
../../Middlewares/ST/touchgfx/framework/include/touchgfx/hal/HAL.hpp:117:17:static touchgfx::HAL* touchgfx::HAL::getInstance()	4	static
../../Middlewares/ST/touchgfx/framework/include/touchgfx/hal/HAL.hpp:131:18:virtual void touchgfx::HAL::setDisplayOrientation(touchgfx::DisplayOrientation)	16	static
../../Middlewares/ST/touchgfx/framework/include/touchgfx/hal/HAL.hpp:163:18:virtual void touchgfx::HAL::setFrameBufferSize(uint16_t, uint16_t)	16	static
../../Middlewares/ST/touchgfx/framework/include/touchgfx/hal/HAL.hpp:216:10:void touchgfx::HAL::frontPorchEntered()	16	static
../../Middlewares/ST/touchgfx/framework/include/touchgfx/hal/HAL.hpp:242:18:virtual void touchgfx::HAL::submitGPU2D()	16	static
../../Middlewares/ST/touchgfx/framework/include/touchgfx/hal/HAL.hpp:310:17:static touchgfx::LCD& touchgfx::HAL::lcd()	4	static
../../Middlewares/ST/touchgfx/framework/include/touchgfx/hal/HAL.hpp:358:28:virtual touchgfx::BlitOperations touchgfx::HAL::getBlitCaps()	16	static
../../Middlewares/ST/touchgfx/framework/include/touchgfx/hal/HAL.hpp:666:10:void touchgfx::HAL::vSync()	16	static
../../Middlewares/ST/touchgfx/framework/include/touchgfx/hal/HAL.hpp:685:18:virtual void touchgfx::HAL::backPorchExited()	16	static
../../Middlewares/ST/touchgfx/framework/include/touchgfx/hal/HAL.hpp:717:18:virtual bool touchgfx::HAL::sampleKey(uint8_t&)	16	static
../../Middlewares/ST/touchgfx/framework/include/touchgfx/hal/HAL.hpp:767:18:virtual void touchgfx::HAL::setFrameBufferStartAddresses(void*, void*, void*)	32	static
../../Middlewares/ST/touchgfx/framework/include/touchgfx/hal/HAL.hpp:790:18:virtual void touchgfx::HAL::setAnimationStorage(void*)	16	static
../../Middlewares/ST/touchgfx/framework/include/touchgfx/hal/HAL.hpp:828:18:virtual void touchgfx::HAL::waitForLTDCLines(uint16_t)	16	static
../../Middlewares/ST/touchgfx/framework/include/touchgfx/hal/HAL.hpp:972:30:virtual touchgfx::FlashDataReader* touchgfx::HAL::getFlashDataReader() const	16	static
../../Middlewares/ST/touchgfx/framework/include/touchgfx/hal/HAL.hpp:1134:18:virtual void touchgfx::HAL::taskDelay(uint16_t)	16	static
../../Middlewares/ST/touchgfx/framework/include/touchgfx/hal/HAL.hpp:1161:22:virtual uint16_t touchgfx::HAL::getTFTCurrentLine()	16	static
../../Middlewares/ST/touchgfx/framework/include/touchgfx/hal/HAL.hpp:1172:21:virtual touchgfx::DMAType touchgfx::HAL::getDMAType()	16	static
../../Middlewares/ST/touchgfx/framework/include/touchgfx/hal/HAL.hpp:1210:10:touchgfx::LCD* touchgfx::HAL::getAuxiliaryLCD()	16	static
../../Middlewares/ST/touchgfx/framework/include/touchgfx/hal/HAL.hpp:1319:18:virtual void touchgfx::HAL::partialLTDCDeadlineMissed()	16	static
../../Middlewares/ST/touchgfx/framework/include/touchgfx/hal/HAL.hpp:1349:15:uint16_t* touchgfx::HAL::getClientFrameBuffer()	16	static
../../Middlewares/ST/touchgfx/framework/include/touchgfx/hal/HAL.hpp:1370:18:virtual void touchgfx::HAL::performDisplayOrientationChange()	24	static
../../Middlewares/ST/touchgfx/framework/include/touchgfx/hal/HAL.hpp:1397:18:virtual void touchgfx::HAL::InvalidateCache()	16	static
../../Middlewares/ST/touchgfx/framework/include/touchgfx/hal/HAL.hpp:1407:18:virtual void touchgfx::HAL::FlushCache()	16	static
../../Middlewares/ST/touchgfx/framework/include/touchgfx/hal/HAL.hpp:1417:18:virtual void touchgfx::HAL::InvalidateTextureCache()	16	static
../../TouchGFX/target/generated/TouchGFXGeneratedHAL.hpp:106:18:virtual void TouchGFXGeneratedHAL::flushFrameBuffer()	16	static
../../Middlewares/ST/touchgfx/framework/include/touchgfx/widgets/Widget.hpp:36:7:touchgfx::Widget::~Widget()	16	static
../../Middlewares/ST/touchgfx/framework/include/touchgfx/widgets/Widget.hpp:36:7:virtual touchgfx::Widget::~Widget()	16	static
../../Middlewares/ST/touchgfx/framework/include/touchgfx/widgets/canvas/AbstractPainterColor.hpp:43:5:touchgfx::AbstractPainterColor::AbstractPainterColor()	16	static
../../Middlewares/ST/touchgfx/framework/include/touchgfx/widgets/canvas/AbstractPainterColor.hpp:48:13:touchgfx::AbstractPainterColor::~AbstractPainterColor()	16	static
../../Middlewares/ST/touchgfx/framework/include/touchgfx/widgets/canvas/AbstractPainterColor.hpp:48:13:virtual touchgfx::AbstractPainterColor::~AbstractPainterColor()	16	static
../../Middlewares/ST/touchgfx/framework/include/touchgfx/widgets/canvas/AbstractPainterColor.hpp:57:18:virtual void touchgfx::AbstractPainterColor::setColor(touchgfx::colortype)	16	static
../../Middlewares/ST/touchgfx/framework/include/touchgfx/widgets/canvas/AbstractPainter.hpp:44:5:touchgfx::AbstractPainter::AbstractPainter()	16	static
../../Middlewares/ST/touchgfx/framework/include/touchgfx/widgets/canvas/AbstractPainter.hpp:50:13:touchgfx::AbstractPainter::~AbstractPainter()	16	static
../../Middlewares/ST/touchgfx/framework/include/touchgfx/widgets/canvas/AbstractPainter.hpp:50:13:virtual touchgfx::AbstractPainter::~AbstractPainter()	16	static
../../Middlewares/ST/touchgfx/framework/include/touchgfx/widgets/canvas/AbstractPainter.hpp:61:34:virtual touchgfx::HAL::RenderingMethod touchgfx::AbstractPainter::getRenderingMethod() const	16	static
../../Middlewares/ST/touchgfx/framework/include/touchgfx/widgets/canvas/AbstractPainter.hpp:78:18:virtual bool touchgfx::AbstractPainter::setup(const touchgfx::Rect&) const	16	static
../../Middlewares/ST/touchgfx/framework/include/touchgfx/widgets/canvas/AbstractPainter.hpp:90:18:virtual void touchgfx::AbstractPainter::tearDown() const	16	static
../../Middlewares/ST/touchgfx/framework/include/touchgfx/widgets/canvas/AbstractPainterLinearGradient.hpp:37:5:touchgfx::AbstractPainterLinearGradient::AbstractPainterLinearGradient()	16	static
../../Middlewares/ST/touchgfx/framework/include/touchgfx/widgets/canvas/AbstractPainterLinearGradient.hpp:44:13:touchgfx::AbstractPainterLinearGradient::~AbstractPainterLinearGradient()	16	static
../../Middlewares/ST/touchgfx/framework/include/touchgfx/widgets/canvas/AbstractPainterLinearGradient.hpp:44:13:virtual touchgfx::AbstractPainterLinearGradient::~AbstractPainterLinearGradient()	16	static
../../Middlewares/ST/touchgfx/framework/include/touchgfx/widgets/canvas/CanvasWidget.hpp:66:18:virtual void touchgfx::CanvasWidget::setAlpha(uint8_t)	16	static
../../Middlewares/ST/touchgfx/framework/include/touchgfx/widgets/canvas/CanvasWidget.hpp:72:21:virtual uint8_t touchgfx::CanvasWidget::getAlpha() const	16	static
../../Middlewares/ST/touchgfx/framework/include/touchgfx/widgets/canvas/CanvasWidget.hpp:118:18:virtual touchgfx::Rect touchgfx::CanvasWidget::getMinimalRect() const	32	static
../../Middlewares/ST/touchgfx/framework/include/touchgfx/widgets/canvas/CanvasWidget.hpp:134:18:virtual touchgfx::Rect touchgfx::CanvasWidget::getSolidRect() const	16	static
../../Middlewares/ST/touchgfx/framework/include/touchgfx/widgets/canvas/AbstractPainterRGB565.hpp:41:5:touchgfx::AbstractPainterRGB565::AbstractPainterRGB565()	24	static
../../Middlewares/ST/touchgfx/framework/include/touchgfx/widgets/canvas/AbstractPainterRGB565.hpp:34:7:touchgfx::AbstractPainterRGB565::~AbstractPainterRGB565()	16	static
../../Middlewares/ST/touchgfx/framework/include/touchgfx/widgets/canvas/AbstractPainterRGB565.hpp:34:7:virtual touchgfx::AbstractPainterRGB565::~AbstractPainterRGB565()	16	static
../../Middlewares/ST/touchgfx/framework/include/touchgfx/widgets/canvas/PainterRGB565.hpp:42:5:touchgfx::PainterRGB565::PainterRGB565(touchgfx::colortype)	16	static
../../Middlewares/ST/touchgfx/framework/include/touchgfx/widgets/canvas/CWRVectorRenderer.hpp:67:18:virtual void touchgfx::CWRVectorRenderer::setMode(touchgfx::VectorRenderer::DrawMode)	16	static
../../Middlewares/ST/touchgfx/framework/include/touchgfx/widgets/canvas/CWRVectorRenderer.hpp:72:18:virtual void touchgfx::CWRVectorRenderer::setStrokeMiterLimit(float)	16	static
../../Middlewares/ST/touchgfx/framework/include/touchgfx/widgets/canvas/CWRVectorRenderer.hpp:77:18:virtual void touchgfx::CWRVectorRenderer::setStrokeLineJoin(touchgfx::VGStrokeLineJoin)	16	static
../../Middlewares/ST/touchgfx/framework/include/touchgfx/widgets/canvas/CWRVectorRenderer.hpp:82:18:virtual void touchgfx::CWRVectorRenderer::setStrokeLineCap(touchgfx::VGStrokeLineCap)	16	static
../../Middlewares/ST/touchgfx/framework/include/touchgfx/widgets/canvas/CWRVectorRenderer.hpp:199:22:virtual bool touchgfx::CWRVectorRenderer::CanvasWidgetProxy::drawCanvasWidget(const touchgfx::Rect&) const	16	static
../../Middlewares/ST/touchgfx/framework/include/touchgfx/widgets/canvas/CWRVectorRenderer.hpp:310:44:virtual touchgfx::AbstractPainterLinearGradient& touchgfx::CWRVectorRendererRGB565::getLinearPainter()	16	static
../../Middlewares/ST/touchgfx/framework/include/touchgfx/widgets/canvas/CWRVectorRenderer.hpp:315:35:virtual touchgfx::AbstractPainterColor& touchgfx::CWRVectorRendererRGB565::getColorPainterColor()	16	static
../../Middlewares/ST/touchgfx/framework/include/touchgfx/widgets/canvas/CWRVectorRenderer.hpp:320:30:virtual touchgfx::AbstractPainter& touchgfx::CWRVectorRendererRGB565::getColorPainter()	16	static
../../Middlewares/ST/touchgfx/framework/include/touchgfx/hal/VectorRenderer.hpp:38:7:constexpr touchgfx::VectorRenderer::VectorRenderer()	16	static
../../Middlewares/ST/touchgfx/framework/include/touchgfx/widgets/canvas/CanvasWidget.hpp:33:7:touchgfx::CanvasWidget::~CanvasWidget()	16	static
../../Middlewares/ST/touchgfx/framework/include/touchgfx/widgets/canvas/CanvasWidget.hpp:33:7:virtual touchgfx::CanvasWidget::~CanvasWidget()	16	static
../../Middlewares/ST/touchgfx/framework/include/touchgfx/widgets/canvas/CWRVectorRenderer.hpp:197:11:touchgfx::CWRVectorRenderer::CanvasWidgetProxy::CanvasWidgetProxy()	16	static
../../Middlewares/ST/touchgfx/framework/include/touchgfx/widgets/canvas/CWRVectorRenderer.hpp:197:11:touchgfx::CWRVectorRenderer::CanvasWidgetProxy::~CanvasWidgetProxy()	16	static
../../Middlewares/ST/touchgfx/framework/include/touchgfx/widgets/canvas/CWRVectorRenderer.hpp:197:11:virtual touchgfx::CWRVectorRenderer::CanvasWidgetProxy::~CanvasWidgetProxy()	16	static
../../Middlewares/ST/touchgfx/framework/include/touchgfx/widgets/canvas/CWRVectorRenderer.hpp:44:7:touchgfx::CWRVectorRenderer::CWRVectorRenderer()	16	static
../../Middlewares/ST/touchgfx/framework/include/touchgfx/widgets/canvas/CWRVectorRenderer.hpp:44:7:touchgfx::CWRVectorRenderer::~CWRVectorRenderer()	16	static
../../Middlewares/ST/touchgfx/framework/include/touchgfx/widgets/canvas/CWRVectorRenderer.hpp:44:7:virtual touchgfx::CWRVectorRenderer::~CWRVectorRenderer()	16	static
../../Middlewares/ST/touchgfx/framework/include/touchgfx/widgets/canvas/PainterRGB565.hpp:34:7:touchgfx::PainterRGB565::~PainterRGB565()	16	static
../../Middlewares/ST/touchgfx/framework/include/touchgfx/widgets/canvas/PainterRGB565.hpp:34:7:virtual touchgfx::PainterRGB565::~PainterRGB565()	16	static
../../Middlewares/ST/touchgfx/framework/include/touchgfx/widgets/canvas/PainterRGB565LinearGradient.hpp:32:7:touchgfx::PainterRGB565LinearGradient::PainterRGB565LinearGradient()	16	static
../../Middlewares/ST/touchgfx/framework/include/touchgfx/widgets/canvas/PainterRGB565LinearGradient.hpp:32:7:touchgfx::PainterRGB565LinearGradient::~PainterRGB565LinearGradient()	16	static
../../Middlewares/ST/touchgfx/framework/include/touchgfx/widgets/canvas/PainterRGB565LinearGradient.hpp:32:7:virtual touchgfx::PainterRGB565LinearGradient::~PainterRGB565LinearGradient()	16	static
../../Middlewares/ST/touchgfx/framework/include/touchgfx/widgets/canvas/CWRVectorRenderer.hpp:308:7:touchgfx::CWRVectorRendererRGB565::CWRVectorRendererRGB565()	32	static
../../Middlewares/ST/touchgfx/framework/include/touchgfx/widgets/canvas/CWRVectorRenderer.hpp:308:7:touchgfx::CWRVectorRendererRGB565::~CWRVectorRendererRGB565()	16	static
../../Middlewares/ST/touchgfx/framework/include/touchgfx/widgets/canvas/CWRVectorRenderer.hpp:308:7:virtual touchgfx::CWRVectorRendererRGB565::~CWRVectorRendererRGB565()	16	static
D:/Lab_He_Nhung/STM32F429_SpaceInvaders_TouchGFX/TouchGFX/target/generated/TouchGFXGeneratedHAL.cpp:30:36:void __tcf_1()	8	static
D:/Lab_He_Nhung/STM32F429_SpaceInvaders_TouchGFX/TouchGFX/target/generated/TouchGFXGeneratedHAL.cpp:28:17:static touchgfx::VectorRenderer* touchgfx::VectorRenderer::getInstance()	8	static,ignoring_inline_asm
../../Drivers/CMSIS/Include/core_cm4.h:1684:22:void __NVIC_EnableIRQ(IRQn_Type)	16	static,ignoring_inline_asm
../../Drivers/CMSIS/Include/core_cm4.h:1722:22:void __NVIC_DisableIRQ(IRQn_Type)	16	static,ignoring_inline_asm
../../Drivers/CMSIS/Include/core_cm4.h:1814:22:void __NVIC_SetPriority(IRQn_Type, uint32_t)	16	static
D:/Lab_He_Nhung/STM32F429_SpaceInvaders_TouchGFX/TouchGFX/target/generated/TouchGFXGeneratedHAL.cpp:50:6:virtual void TouchGFXGeneratedHAL::initialize()	24	static
D:/Lab_He_Nhung/STM32F429_SpaceInvaders_TouchGFX/TouchGFX/target/generated/TouchGFXGeneratedHAL.cpp:57:6:virtual void TouchGFXGeneratedHAL::configureInterrupts()	16	static
D:/Lab_He_Nhung/STM32F429_SpaceInvaders_TouchGFX/TouchGFX/target/generated/TouchGFXGeneratedHAL.cpp:63:6:virtual void TouchGFXGeneratedHAL::enableInterrupts()	16	static
D:/Lab_He_Nhung/STM32F429_SpaceInvaders_TouchGFX/TouchGFX/target/generated/TouchGFXGeneratedHAL.cpp:69:6:virtual void TouchGFXGeneratedHAL::disableInterrupts()	16	static
D:/Lab_He_Nhung/STM32F429_SpaceInvaders_TouchGFX/TouchGFX/target/generated/TouchGFXGeneratedHAL.cpp:75:6:virtual void TouchGFXGeneratedHAL::enableLCDControllerInterrupt()	16	static
D:/Lab_He_Nhung/STM32F429_SpaceInvaders_TouchGFX/TouchGFX/target/generated/TouchGFXGeneratedHAL.cpp:86:6:virtual bool TouchGFXGeneratedHAL::beginFrame()	16	static
D:/Lab_He_Nhung/STM32F429_SpaceInvaders_TouchGFX/TouchGFX/target/generated/TouchGFXGeneratedHAL.cpp:91:6:virtual void TouchGFXGeneratedHAL::endFrame()	16	static
D:/Lab_He_Nhung/STM32F429_SpaceInvaders_TouchGFX/TouchGFX/target/generated/TouchGFXGeneratedHAL.cpp:96:11:virtual uint16_t* TouchGFXGeneratedHAL::getTFTFrameBuffer() const	16	static
D:/Lab_He_Nhung/STM32F429_SpaceInvaders_TouchGFX/TouchGFX/target/generated/TouchGFXGeneratedHAL.cpp:101:6:virtual void TouchGFXGeneratedHAL::setTFTFrameBuffer(uint16_t*)	16	static
D:/Lab_He_Nhung/STM32F429_SpaceInvaders_TouchGFX/TouchGFX/target/generated/TouchGFXGeneratedHAL.cpp:109:6:virtual void TouchGFXGeneratedHAL::flushFrameBuffer(const touchgfx::Rect&)	16	static
D:/Lab_He_Nhung/STM32F429_SpaceInvaders_TouchGFX/TouchGFX/target/generated/TouchGFXGeneratedHAL.cpp:114:6:virtual bool TouchGFXGeneratedHAL::blockCopy(void*, const void*, uint32_t)	24	static
D:/Lab_He_Nhung/STM32F429_SpaceInvaders_TouchGFX/TouchGFX/target/generated/TouchGFXGeneratedHAL.cpp:121:10:void HAL_LTDC_LineEventCallback(LTDC_HandleTypeDef*)	16	static
../../TouchGFX/target/generated/TouchGFXGeneratedHAL.hpp:30:7:TouchGFXGeneratedHAL::~TouchGFXGeneratedHAL()	16	static
../../TouchGFX/target/generated/TouchGFXGeneratedHAL.hpp:30:7:virtual TouchGFXGeneratedHAL::~TouchGFXGeneratedHAL()	16	static
