D:/Lab_He_Nhung/STM32F429_SpaceInvaders_TouchGFX/Core/Src/stm32f4xx_hal_msp.c:63:6:HAL_MspInit	8	static
D:/Lab_He_Nhung/STM32F429_SpaceInvaders_TouchGFX/Core/Src/stm32f4xx_hal_msp.c:88:6:HAL_CRC_MspInit	8	static
D:/Lab_He_Nhung/STM32F429_SpaceInvaders_TouchGFX/Core/Src/stm32f4xx_hal_msp.c:111:6:HAL_CRC_MspDeInit	0	static
D:/Lab_He_Nhung/STM32F429_SpaceInvaders_TouchGFX/Core/Src/stm32f4xx_hal_msp.c:133:6:HAL_DMA2D_MspInit	16	static
D:/Lab_He_Nhung/STM32F429_SpaceInvaders_TouchGFX/Core/Src/stm32f4xx_hal_msp.c:159:6:HAL_DMA2D_MspDeInit	0	static
D:/Lab_He_Nhung/STM32F429_SpaceInvaders_TouchGFX/Core/Src/stm32f4xx_hal_msp.c:184:6:HAL_I2C_MspInit	64	static
D:/Lab_He_Nhung/STM32F429_SpaceInvaders_TouchGFX/Core/Src/stm32f4xx_hal_msp.c:233:6:HAL_I2C_MspDeInit	8	static
D:/Lab_He_Nhung/STM32F429_SpaceInvaders_TouchGFX/Core/Src/stm32f4xx_hal_msp.c:264:6:HAL_LTDC_MspInit	120	static
D:/Lab_He_Nhung/STM32F429_SpaceInvaders_TouchGFX/Core/Src/stm32f4xx_hal_msp.c:390:6:HAL_LTDC_MspDeInit	8	static
D:/Lab_He_Nhung/STM32F429_SpaceInvaders_TouchGFX/Core/Src/stm32f4xx_hal_msp.c:452:6:HAL_SPI_MspInit	40	static
D:/Lab_He_Nhung/STM32F429_SpaceInvaders_TouchGFX/Core/Src/stm32f4xx_hal_msp.c:490:6:HAL_SPI_MspDeInit	0	static
D:/Lab_He_Nhung/STM32F429_SpaceInvaders_TouchGFX/Core/Src/stm32f4xx_hal_msp.c:622:6:HAL_SDRAM_MspInit	48	static
D:/Lab_He_Nhung/STM32F429_SpaceInvaders_TouchGFX/Core/Src/stm32f4xx_hal_msp.c:708:6:HAL_SDRAM_MspDeInit	8	static
