../../TouchGFX/gui/include/gui/model/ModelListener.hpp:13:18:virtual void ModelListener::updateGameState(const GameState&)	0	static
../../TouchGFX/gui/include/gui/gameoverscreen_screen/GameOverScreenPresenter.hpp:28:13:GameOverScreenPresenter::~GameOverScreenPresenter()	0	static
D:/Lab_He_Nhung/STM32F429_SpaceInvaders_TouchGFX/TouchGFX/gui/src/gameoverscreen_screen/GameOverScreenPresenter.cpp:10:6:virtual void GameOverScreenPresenter::activate()	0	static
../../TouchGFX/gui/include/gui/gameoverscreen_screen/GameOverScreenPresenter.hpp:28:13:virtual GameOverScreenPresenter::~GameOverScreenPresenter()	8	static
../../TouchGFX/gui/include/gui/gameoverscreen_screen/GameOverScreenPresenter.hpp:28:13:virtual void* GameOverScreenPresenter::_ZThn4_N23GameOverScreenPresenterD1Ev()	0	static
D:/Lab_He_Nhung/STM32F429_SpaceInvaders_TouchGFX/TouchGFX/gui/src/gameoverscreen_screen/GameOverScreenPresenter.cpp:4:1:GameOverScreenPresenter::GameOverScreenPresenter(GameOverScreenView&)	0	static
