D:/Lab_He_Nhung/STM32F429_SpaceInvaders_TouchGFX/TouchGFX/gui/src/model/Model.cpp:96:6:void Model::initializeEnemiesForLevel(uint8_t)	104	static
D:/Lab_He_Nhung/STM32F429_SpaceInvaders_TouchGFX/TouchGFX/gui/src/model/Model.cpp:11:1:Model::Model()	16	static
D:/Lab_He_Nhung/STM32F429_SpaceInvaders_TouchGFX/TouchGFX/gui/src/model/Model.cpp:171:6:bool Model::areAllEnemiesDefeated() const	0	static
D:/Lab_He_Nhung/STM32F429_SpaceInvaders_TouchGFX/TouchGFX/gui/src/model/Model.cpp:184:6:void Model::startNextLevel()	4	static
D:/Lab_He_Nhung/STM32F429_SpaceInvaders_TouchGFX/TouchGFX/gui/src/model/Model.cpp:227:6:void Model::updateHighScores()	0	static
D:/Lab_He_Nhung/STM32F429_SpaceInvaders_TouchGFX/TouchGFX/gui/src/model/Model.cpp:247:6:void Model::fireBullet()	8	static
D:/Lab_He_Nhung/STM32F429_SpaceInvaders_TouchGFX/TouchGFX/gui/src/model/Model.cpp:286:6:void Model::setPlayerMoveDirection(int8_t)	0	static
D:/Lab_He_Nhung/STM32F429_SpaceInvaders_TouchGFX/TouchGFX/gui/src/model/Model.cpp:295:6:void Model::setPlayerMoveDirectionY(int8_t)	0	static
D:/Lab_He_Nhung/STM32F429_SpaceInvaders_TouchGFX/TouchGFX/gui/src/model/Model.cpp:305:6:void Model::tick()	112	static
D:/Lab_He_Nhung/STM32F429_SpaceInvaders_TouchGFX/TouchGFX/gui/src/model/Model.cpp:1253:6:void Model::resetGame()	4	static
