D:/Lab_He_Nhung/STM32F429_SpaceInvaders_TouchGFX/Core/Src/main.c:150:5:main	1
D:/Lab_He_Nhung/STM32F429_SpaceInvaders_TouchGFX/Core/Src/main.c:242:6:SystemClock_Config	4
D:/Lab_He_Nhung/STM32F429_SpaceInvaders_TouchGFX/Core/Src/main.c:295:13:MX_CRC_Init	2
D:/Lab_He_Nhung/STM32F429_SpaceInvaders_TouchGFX/Core/Src/main.c:321:13:MX_DMA2D_Init	3
D:/Lab_He_Nhung/STM32F429_SpaceInvaders_TouchGFX/Core/Src/main.c:358:13:MX_I2C3_Init	4
D:/Lab_He_Nhung/STM32F429_SpaceInvaders_TouchGFX/Core/Src/main.c:406:13:MX_LTDC_Init	3
D:/Lab_He_Nhung/STM32F429_SpaceInvaders_TouchGFX/Core/Src/main.c:473:13:MX_SPI5_Init	3
D:/Lab_He_Nhung/STM32F429_SpaceInvaders_TouchGFX/Core/Src/main.c:519:13:MX_FMC_Init	2
D:/Lab_He_Nhung/STM32F429_SpaceInvaders_TouchGFX/Core/Src/main.c:574:13:MX_GPIO_Init	1
D:/Lab_He_Nhung/STM32F429_SpaceInvaders_TouchGFX/Core/Src/main.c:653:13:BSP_SDRAM_Initialization_Sequence	1
D:/Lab_He_Nhung/STM32F429_SpaceInvaders_TouchGFX/Core/Src/main.c:711:6:IOE_Init	1
D:/Lab_He_Nhung/STM32F429_SpaceInvaders_TouchGFX/Core/Src/main.c:720:6:IOE_ITConfig	1
D:/Lab_He_Nhung/STM32F429_SpaceInvaders_TouchGFX/Core/Src/main.c:732:6:IOE_Write	1
D:/Lab_He_Nhung/STM32F429_SpaceInvaders_TouchGFX/Core/Src/main.c:743:9:IOE_Read	1
D:/Lab_He_Nhung/STM32F429_SpaceInvaders_TouchGFX/Core/Src/main.c:756:10:IOE_ReadMultiple	1
D:/Lab_He_Nhung/STM32F429_SpaceInvaders_TouchGFX/Core/Src/main.c:765:6:IOE_Delay	1
D:/Lab_He_Nhung/STM32F429_SpaceInvaders_TouchGFX/Core/Src/main.c:776:13:I2C3_WriteData	1
D:/Lab_He_Nhung/STM32F429_SpaceInvaders_TouchGFX/Core/Src/main.c:796:16:I2C3_ReadData	1
D:/Lab_He_Nhung/STM32F429_SpaceInvaders_TouchGFX/Core/Src/main.c:821:16:I2C3_ReadBuffer	2
D:/Lab_He_Nhung/STM32F429_SpaceInvaders_TouchGFX/Core/Src/main.c:846:17:SPI5_Read	2
D:/Lab_He_Nhung/STM32F429_SpaceInvaders_TouchGFX/Core/Src/main.c:867:13:SPI5_Write	2
D:/Lab_He_Nhung/STM32F429_SpaceInvaders_TouchGFX/Core/Src/main.c:884:13:SPI5_Error	1
D:/Lab_He_Nhung/STM32F429_SpaceInvaders_TouchGFX/Core/Src/main.c:893:6:LCD_IO_Init	1
D:/Lab_He_Nhung/STM32F429_SpaceInvaders_TouchGFX/Core/Src/main.c:903:6:LCD_IO_WriteData	1
D:/Lab_He_Nhung/STM32F429_SpaceInvaders_TouchGFX/Core/Src/main.c:919:6:LCD_IO_WriteReg	1
D:/Lab_He_Nhung/STM32F429_SpaceInvaders_TouchGFX/Core/Src/main.c:938:10:LCD_IO_ReadData	1
D:/Lab_He_Nhung/STM32F429_SpaceInvaders_TouchGFX/Core/Src/main.c:965:6:LCD_Delay	1
D:/Lab_He_Nhung/STM32F429_SpaceInvaders_TouchGFX/Core/Src/main.c:979:6:StartDefaultTask	1
D:/Lab_He_Nhung/STM32F429_SpaceInvaders_TouchGFX/Core/Src/main.c:998:6:HAL_TIM_PeriodElapsedCallback	2
D:/Lab_He_Nhung/STM32F429_SpaceInvaders_TouchGFX/Core/Src/main.c:1016:6:Error_Handler	1
