D:/Lab_He_Nhung/STM32F429_SpaceInvaders_TouchGFX/Core/Src/main.c:150:5:main	8	static
D:/Lab_He_Nhung/STM32F429_SpaceInvaders_TouchGFX/Core/Src/main.c:242:6:SystemClock_Config	88	static
D:/Lab_He_Nhung/STM32F429_SpaceInvaders_TouchGFX/Core/Src/main.c:295:13:MX_CRC_Init	8	static
D:/Lab_He_Nhung/STM32F429_SpaceInvaders_TouchGFX/Core/Src/main.c:321:13:MX_DMA2D_Init	8	static
D:/Lab_He_Nhung/STM32F429_SpaceInvaders_TouchGFX/Core/Src/main.c:358:13:MX_I2C3_Init	8	static
D:/Lab_He_Nhung/STM32F429_SpaceInvaders_TouchGFX/Core/Src/main.c:406:13:MX_LTDC_Init	64	static
D:/Lab_He_Nhung/STM32F429_SpaceInvaders_TouchGFX/Core/Src/main.c:473:13:MX_SPI5_Init	16	static
D:/Lab_He_Nhung/STM32F429_SpaceInvaders_TouchGFX/Core/Src/main.c:519:13:MX_FMC_Init	56	static
D:/Lab_He_Nhung/STM32F429_SpaceInvaders_TouchGFX/Core/Src/main.c:574:13:MX_GPIO_Init	64	static
D:/Lab_He_Nhung/STM32F429_SpaceInvaders_TouchGFX/Core/Src/main.c:653:13:BSP_SDRAM_Initialization_Sequence	24	static
D:/Lab_He_Nhung/STM32F429_SpaceInvaders_TouchGFX/Core/Src/main.c:711:6:IOE_Init	4	static
D:/Lab_He_Nhung/STM32F429_SpaceInvaders_TouchGFX/Core/Src/main.c:720:6:IOE_ITConfig	4	static
D:/Lab_He_Nhung/STM32F429_SpaceInvaders_TouchGFX/Core/Src/main.c:732:6:IOE_Write	16	static
D:/Lab_He_Nhung/STM32F429_SpaceInvaders_TouchGFX/Core/Src/main.c:743:9:IOE_Read	16	static
D:/Lab_He_Nhung/STM32F429_SpaceInvaders_TouchGFX/Core/Src/main.c:756:10:IOE_ReadMultiple	16	static
D:/Lab_He_Nhung/STM32F429_SpaceInvaders_TouchGFX/Core/Src/main.c:765:6:IOE_Delay	16	static
D:/Lab_He_Nhung/STM32F429_SpaceInvaders_TouchGFX/Core/Src/main.c:776:13:I2C3_WriteData	40	static
D:/Lab_He_Nhung/STM32F429_SpaceInvaders_TouchGFX/Core/Src/main.c:796:16:I2C3_ReadData	40	static
D:/Lab_He_Nhung/STM32F429_SpaceInvaders_TouchGFX/Core/Src/main.c:821:16:I2C3_ReadBuffer	40	static
D:/Lab_He_Nhung/STM32F429_SpaceInvaders_TouchGFX/Core/Src/main.c:846:17:SPI5_Read	24	static
D:/Lab_He_Nhung/STM32F429_SpaceInvaders_TouchGFX/Core/Src/main.c:867:13:SPI5_Write	24	static
D:/Lab_He_Nhung/STM32F429_SpaceInvaders_TouchGFX/Core/Src/main.c:884:13:SPI5_Error	4	static
D:/Lab_He_Nhung/STM32F429_SpaceInvaders_TouchGFX/Core/Src/main.c:893:6:LCD_IO_Init	8	static
D:/Lab_He_Nhung/STM32F429_SpaceInvaders_TouchGFX/Core/Src/main.c:903:6:LCD_IO_WriteData	16	static
D:/Lab_He_Nhung/STM32F429_SpaceInvaders_TouchGFX/Core/Src/main.c:919:6:LCD_IO_WriteReg	16	static
D:/Lab_He_Nhung/STM32F429_SpaceInvaders_TouchGFX/Core/Src/main.c:938:10:LCD_IO_ReadData	24	static
D:/Lab_He_Nhung/STM32F429_SpaceInvaders_TouchGFX/Core/Src/main.c:965:6:LCD_Delay	16	static
D:/Lab_He_Nhung/STM32F429_SpaceInvaders_TouchGFX/Core/Src/main.c:979:6:StartDefaultTask	16	static
D:/Lab_He_Nhung/STM32F429_SpaceInvaders_TouchGFX/Core/Src/main.c:998:6:HAL_TIM_PeriodElapsedCallback	16	static
D:/Lab_He_Nhung/STM32F429_SpaceInvaders_TouchGFX/Core/Src/main.c:1016:6:Error_Handler	4	static
