D:/Lab_He_Nhung/STM32F429_SpaceInvaders_TouchGFX/Core/Src/stm32f4xx_hal_msp.c:63:6:HAL_MspInit	16	static
D:/Lab_He_Nhung/STM32F429_SpaceInvaders_TouchGFX/Core/Src/stm32f4xx_hal_msp.c:88:6:HAL_CRC_MspInit	24	static
D:/Lab_He_Nhung/STM32F429_SpaceInvaders_TouchGFX/Core/Src/stm32f4xx_hal_msp.c:111:6:HAL_CRC_MspDeInit	16	static
D:/Lab_He_Nhung/STM32F429_SpaceInvaders_TouchGFX/Core/Src/stm32f4xx_hal_msp.c:133:6:HAL_DMA2D_MspInit	24	static
D:/Lab_He_Nhung/STM32F429_SpaceInvaders_TouchGFX/Core/Src/stm32f4xx_hal_msp.c:159:6:HAL_DMA2D_MspDeInit	16	static
D:/Lab_He_Nhung/STM32F429_SpaceInvaders_TouchGFX/Core/Src/stm32f4xx_hal_msp.c:184:6:HAL_I2C_MspInit	48	static
D:/Lab_He_Nhung/STM32F429_SpaceInvaders_TouchGFX/Core/Src/stm32f4xx_hal_msp.c:233:6:HAL_I2C_MspDeInit	16	static
D:/Lab_He_Nhung/STM32F429_SpaceInvaders_TouchGFX/Core/Src/stm32f4xx_hal_msp.c:264:6:HAL_LTDC_MspInit	112	static
D:/Lab_He_Nhung/STM32F429_SpaceInvaders_TouchGFX/Core/Src/stm32f4xx_hal_msp.c:390:6:HAL_LTDC_MspDeInit	16	static
D:/Lab_He_Nhung/STM32F429_SpaceInvaders_TouchGFX/Core/Src/stm32f4xx_hal_msp.c:452:6:HAL_SPI_MspInit	48	static
D:/Lab_He_Nhung/STM32F429_SpaceInvaders_TouchGFX/Core/Src/stm32f4xx_hal_msp.c:490:6:HAL_SPI_MspDeInit	16	static
D:/Lab_He_Nhung/STM32F429_SpaceInvaders_TouchGFX/Core/Src/stm32f4xx_hal_msp.c:516:13:HAL_FMC_MspInit	32	static
D:/Lab_He_Nhung/STM32F429_SpaceInvaders_TouchGFX/Core/Src/stm32f4xx_hal_msp.c:622:6:HAL_SDRAM_MspInit	16	static
D:/Lab_He_Nhung/STM32F429_SpaceInvaders_TouchGFX/Core/Src/stm32f4xx_hal_msp.c:634:13:HAL_FMC_MspDeInit	8	static
D:/Lab_He_Nhung/STM32F429_SpaceInvaders_TouchGFX/Core/Src/stm32f4xx_hal_msp.c:708:6:HAL_SDRAM_MspDeInit	16	static
