../../TouchGFX/gui/include/gui/model/ModelListener.hpp:13:18:virtual void ModelListener::updateGameState(const GameState&)	0	static
../../TouchGFX/gui/include/gui/donotdisplayiconscreen_screen/DoNotDisplayIconScreenPresenter.hpp:28:13:DoNotDisplayIconScreenPresenter::~DoNotDisplayIconScreenPresenter()	0	static
D:/Lab_He_Nhung/STM32F429_SpaceInvaders_TouchGFX/TouchGFX/gui/src/donotdisplayiconscreen_screen/DoNotDisplayIconScreenPresenter.cpp:10:6:virtual void DoNotDisplayIconScreenPresenter::activate()	0	static
../../TouchGFX/gui/include/gui/donotdisplayiconscreen_screen/DoNotDisplayIconScreenPresenter.hpp:28:13:virtual DoNotDisplayIconScreenPresenter::~DoNotDisplayIconScreenPresenter()	8	static
../../TouchGFX/gui/include/gui/donotdisplayiconscreen_screen/DoNotDisplayIconScreenPresenter.hpp:28:13:virtual void* DoNotDisplayIconScreenPresenter::_ZThn4_N31DoNotDisplayIconScreenPresenterD1Ev()	0	static
D:/Lab_He_Nhung/STM32F429_SpaceInvaders_TouchGFX/TouchGFX/gui/src/donotdisplayiconscreen_screen/DoNotDisplayIconScreenPresenter.cpp:4:1:DoNotDisplayIconScreenPresenter::DoNotDisplayIconScreenPresenter(DoNotDisplayIconScreenView&)	0	static
