../../Middlewares/ST/touchgfx/framework/include/touchgfx/Screen.hpp:104:18:virtual void touchgfx::Screen::afterTransition()	0	static
../../Middlewares/ST/touchgfx/framework/include/touchgfx/Screen.hpp:144:18:virtual void touchgfx::Screen::handleTickEvent()	0	static
../../Middlewares/ST/touchgfx/framework/include/touchgfx/Screen.hpp:154:18:virtual void touchgfx::Screen::handleKeyEvent(uint8_t)	0	static
D:/Lab_He_Nhung/STM32F429_SpaceInvaders_TouchGFX/TouchGFX/gui/src/donotdisplayiconscreen_screen/DoNotDisplayIconScreenView.cpp:13:6:virtual void DoNotDisplayIconScreenView::tearDownScreen()	0	static
../../TouchGFX/gui/include/gui/donotdisplayiconscreen_screen/DoNotDisplayIconScreenView.hpp:11:13:DoNotDisplayIconScreenView::~DoNotDisplayIconScreenView()	8	static
../../TouchGFX/gui/include/gui/donotdisplayiconscreen_screen/DoNotDisplayIconScreenView.hpp:11:13:virtual DoNotDisplayIconScreenView::~DoNotDisplayIconScreenView()	8	static
D:/Lab_He_Nhung/STM32F429_SpaceInvaders_TouchGFX/TouchGFX/gui/src/donotdisplayiconscreen_screen/DoNotDisplayIconScreenView.cpp:3:1:DoNotDisplayIconScreenView::DoNotDisplayIconScreenView()	8	static
D:/Lab_He_Nhung/STM32F429_SpaceInvaders_TouchGFX/TouchGFX/gui/src/donotdisplayiconscreen_screen/DoNotDisplayIconScreenView.cpp:8:6:virtual void DoNotDisplayIconScreenView::setupScreen()	0	static
