../../Middlewares/ST/touchgfx/framework/include/touchgfx/Screen.hpp:104:18:virtual void touchgfx::Screen::afterTransition()	0	static
../../Middlewares/ST/touchgfx/framework/include/touchgfx/Screen.hpp:144:18:virtual void touchgfx::Screen::handleTickEvent()	0	static
../../Middlewares/ST/touchgfx/framework/include/touchgfx/Screen.hpp:154:18:virtual void touchgfx::Screen::handleKeyEvent(uint8_t)	0	static
C:/TouchGFXProjects/STM32F429_SpaceInvaders_TouchGFX/TouchGFX/gui/src/gameoverscreen_screen/GameOverScreenView.cpp:73:6:virtual void GameOverScreenView::tearDownScreen()	0	static
../../TouchGFX/gui/include/gui/gameoverscreen_screen/GameOverScreenView.hpp:11:13:GameOverScreenView::~GameOverScreenView()	8	static
../../TouchGFX/gui/include/gui/gameoverscreen_screen/GameOverScreenView.hpp:11:13:virtual GameOverScreenView::~GameOverScreenView()	8	static
C:/TouchGFXProjects/STM32F429_SpaceInvaders_TouchGFX/TouchGFX/gui/src/gameoverscreen_screen/GameOverScreenView.cpp:5:1:GameOverScreenView::GameOverScreenView()	8	static
C:/TouchGFXProjects/STM32F429_SpaceInvaders_TouchGFX/TouchGFX/gui/src/gameoverscreen_screen/GameOverScreenView.cpp:10:20:touchgfx::BitmapId GameOverScreenView::getNumBitmap(uint8_t)	40	static
C:/TouchGFXProjects/STM32F429_SpaceInvaders_TouchGFX/TouchGFX/gui/src/gameoverscreen_screen/GameOverScreenView.cpp:22:6:void GameOverScreenView::setScoreDisplay(int16_t)	32	static
C:/TouchGFXProjects/STM32F429_SpaceInvaders_TouchGFX/TouchGFX/gui/src/gameoverscreen_screen/GameOverScreenView.cpp:43:6:void GameOverScreenView::setHighScoreDisplay(int16_t)	32	static
C:/TouchGFXProjects/STM32F429_SpaceInvaders_TouchGFX/TouchGFX/gui/src/gameoverscreen_screen/GameOverScreenView.cpp:64:6:virtual void GameOverScreenView::setupScreen()	8	static
