../../Middlewares/ST/touchgfx/framework/include/touchgfx/Bitmap.hpp:136:5:touchgfx::Bitmap::Bitmap(touchgfx::BitmapId)	16	static
../../Middlewares/ST/touchgfx/framework/include/touchgfx/Screen.hpp:104:18:virtual void touchgfx::Screen::afterTransition()	16	static
../../Middlewares/ST/touchgfx/framework/include/touchgfx/Screen.hpp:115:18:virtual void touchgfx::Screen::tearDownScreen()	16	static
../../Middlewares/ST/touchgfx/framework/include/touchgfx/Screen.hpp:144:18:virtual void touchgfx::Screen::handleTickEvent()	16	static
../../Middlewares/ST/touchgfx/framework/include/touchgfx/Screen.hpp:154:18:virtual void touchgfx::Screen::handleKeyEvent(uint8_t)	16	static
../../TouchGFX/gui/include/gui/model/Model.hpp:116:16:GameState& Model::getGameState()	16	static
../../TouchGFX/gui/include/gui/model/Model.hpp:132:13:int32_t Model::getHighScore() const	16	static
../../TouchGFX/gui/include/gui/gameoverscreen_screen/GameOverScreenPresenter.hpp:30:13:int32_t GameOverScreenPresenter::getScore() const	16	static
../../TouchGFX/gui/include/gui/gameoverscreen_screen/GameOverScreenPresenter.hpp:31:13:int32_t GameOverScreenPresenter::getHighScore() const	16	static
../../TouchGFX/gui/include/gui/gameoverscreen_screen/GameOverScreenView.hpp:11:13:GameOverScreenView::~GameOverScreenView()	16	static
../../TouchGFX/gui/include/gui/gameoverscreen_screen/GameOverScreenView.hpp:11:13:virtual GameOverScreenView::~GameOverScreenView()	16	static
D:/Lab_He_Nhung/STM32F429_SpaceInvaders_TouchGFX/TouchGFX/gui/src/gameoverscreen_screen/GameOverScreenView.cpp:5:1:GameOverScreenView::GameOverScreenView()	16	static
D:/Lab_He_Nhung/STM32F429_SpaceInvaders_TouchGFX/TouchGFX/gui/src/gameoverscreen_screen/GameOverScreenView.cpp:10:20:touchgfx::BitmapId GameOverScreenView::getNumBitmap(uint8_t)	48	static
D:/Lab_He_Nhung/STM32F429_SpaceInvaders_TouchGFX/TouchGFX/gui/src/gameoverscreen_screen/GameOverScreenView.cpp:22:6:void GameOverScreenView::setScoreDisplay(int32_t)	56	static
D:/Lab_He_Nhung/STM32F429_SpaceInvaders_TouchGFX/TouchGFX/gui/src/gameoverscreen_screen/GameOverScreenView.cpp:43:6:void GameOverScreenView::setHighScoreDisplay(int32_t)	56	static
D:/Lab_He_Nhung/STM32F429_SpaceInvaders_TouchGFX/TouchGFX/gui/src/gameoverscreen_screen/GameOverScreenView.cpp:64:6:virtual void GameOverScreenView::setupScreen()	16	static
D:/Lab_He_Nhung/STM32F429_SpaceInvaders_TouchGFX/TouchGFX/gui/src/gameoverscreen_screen/GameOverScreenView.cpp:73:6:virtual void GameOverScreenView::tearDownScreen()	16	static
