../../Middlewares/ST/touchgfx/framework/include/touchgfx/Screen.hpp:104:18:virtual void touchgfx::Screen::afterTransition()	0	static
../../Middlewares/ST/touchgfx/framework/include/touchgfx/Screen.hpp:144:18:virtual void touchgfx::Screen::handleTickEvent()	0	static
../../Middlewares/ST/touchgfx/framework/include/touchgfx/Screen.hpp:154:18:virtual void touchgfx::Screen::handleKeyEvent(uint8_t)	0	static
C:/TouchGFXProjects/STM32F429_SpaceInvaders_TouchGFX/TouchGFX/gui/src/scoreboardscreen_screen/ScoreboardScreenView.cpp:74:6:virtual void ScoreboardScreenView::tearDownScreen()	0	static
../../TouchGFX/gui/include/gui/scoreboardscreen_screen/ScoreboardScreenView.hpp:11:13:ScoreboardScreenView::~ScoreboardScreenView()	8	static
../../TouchGFX/gui/include/gui/scoreboardscreen_screen/ScoreboardScreenView.hpp:11:13:virtual ScoreboardScreenView::~ScoreboardScreenView()	8	static
C:/TouchGFXProjects/STM32F429_SpaceInvaders_TouchGFX/TouchGFX/gui/src/scoreboardscreen_screen/ScoreboardScreenView.cpp:10:20:touchgfx::BitmapId ScoreboardScreenView::getNumBitmap(uint8_t)	40	static
C:/TouchGFXProjects/STM32F429_SpaceInvaders_TouchGFX/TouchGFX/gui/src/scoreboardscreen_screen/ScoreboardScreenView.cpp:5:1:ScoreboardScreenView::ScoreboardScreenView()	8	static
C:/TouchGFXProjects/STM32F429_SpaceInvaders_TouchGFX/TouchGFX/gui/src/scoreboardscreen_screen/ScoreboardScreenView.cpp:10:20:touchgfx::BitmapId ScoreboardScreenView::getNumBitmap(uint8_t)	40	static
C:/TouchGFXProjects/STM32F429_SpaceInvaders_TouchGFX/TouchGFX/gui/src/scoreboardscreen_screen/ScoreboardScreenView.cpp:22:6:void ScoreboardScreenView::setRankScoreDisplay(uint8_t, int16_t)	32	static
C:/TouchGFXProjects/STM32F429_SpaceInvaders_TouchGFX/TouchGFX/gui/src/scoreboardscreen_screen/ScoreboardScreenView.cpp:64:6:virtual void ScoreboardScreenView::setupScreen()	8	static
