../../TouchGFX/gui/include/gui/screen1_screen/Screen1Presenter.hpp:28:13:Screen1Presenter::~Screen1Presenter()	0	static
C:/TouchGFXProjects/STM32F429_SpaceInvaders_TouchGFX/TouchGFX/gui/src/screen1_screen/Screen1Presenter.cpp:10:6:virtual void Screen1Presenter::activate()	0	static
../../TouchGFX/gui/include/gui/screen1_screen/Screen1Presenter.hpp:28:13:virtual Screen1Presenter::~Screen1Presenter()	8	static
C:/TouchGFXProjects/STM32F429_SpaceInvaders_TouchGFX/TouchGFX/gui/src/screen1_screen/Screen1Presenter.cpp:20:6:virtual void Screen1Presenter::updateGameState(const GameState&)	16	static
../../TouchGFX/gui/include/gui/screen1_screen/Screen1Presenter.hpp:28:13:virtual void* Screen1Presenter::_ZThn4_N16Screen1PresenterD1Ev()	0	static
C:/TouchGFXProjects/STM32F429_SpaceInvaders_TouchGFX/TouchGFX/gui/src/screen1_screen/Screen1Presenter.cpp:4:1:Screen1Presenter::Screen1Presenter(Screen1View&)	0	static
C:/TouchGFXProjects/STM32F429_SpaceInvaders_TouchGFX/TouchGFX/gui/src/screen1_screen/Screen1Presenter.cpp:29:6:void Screen1Presenter::setPlayerX(int16_t)	0	static
C:/TouchGFXProjects/STM32F429_SpaceInvaders_TouchGFX/TouchGFX/gui/src/screen1_screen/Screen1Presenter.cpp:34:6:void Screen1Presenter::fireBullet()	0	static
C:/TouchGFXProjects/STM32F429_SpaceInvaders_TouchGFX/TouchGFX/gui/src/screen1_screen/Screen1Presenter.cpp:39:6:void Screen1Presenter::resetGame()	0	static
